../skinning/exclude.lst
../skinning/exclude.lst*
*.svn*
*.DS_Store
*.un~
*.swp
*.swo
../skinning/build/*
../skinning/skinning_pc/*
../skinning/skinning/armadillo-disconnected-ears/*
../skinning/skinning/armadillo-pinocchio-animation/*
../skinning/skinning/armadillo_temp/*
../skinning/skinning/bar/*
../skinning/skinning/bikini/*
../skinning/skinning/blinden-hund/*
../skinning/skinning/bone_test/*
../skinning/skinning/brick/*
../skinning/skinning/bubble-man/*
../skinning/skinning/bumps-lo/*
../skinning/skinning/bumps/*
../skinning/skinning/cactus/*
../skinning/skinning/cactus_3d/*
../skinning/skinning/cross/*
../skinning/skinning/cross2/*
../skinning/skinning/cylinder/*
../skinning/skinning/daschund/*
../skinning/skinning/dog/*
../skinning/skinning/male/*
../skinning/skinning/matrices/*
../skinning/skinning/mouse/*
../skinning/skinning/obj/*
../skinning/skinning/octopus/*
../skinning/skinning/ogre-region/*
../skinning/skinning/regular_temp/*
../skinning/skinning/victoria/*
../skinning/skinning/woody/*
../skinning/skinning/xyzrgb_dragon/*
../skinning/skinning/ycyl/*
